// Jest Snapshot v1, https://goo.gl/fbAQLP

exports[`QuestContainer should match snapshot 1`] = `
<section>
  <Quest
    data={
      Object {
        "id": 1234,
        "tasks": Array [
          Object {
            "id": 1234,
            "isCompleted": false,
            "message": "Clean the kitchen",
          },
          Object {
            "id": 1234,
            "isCompleted": false,
            "message": "Clean the kitchen",
          },
        ],
        "title": "My First Quest",
      }
    }
    key="1234"
  />
  <Quest
    data={
      Object {
        "id": 1234,
        "tasks": Array [
          Object {
            "id": 1234,
            "isCompleted": false,
            "message": "Clean the kitchen",
          },
          Object {
            "id": 1234,
            "isCompleted": false,
            "message": "Clean the kitchen",
          },
        ],
        "title": "My First Quest",
      }
    }
    key="1234"
  />
  <Quest
    data={
      Object {
        "id": 1234,
        "tasks": Array [
          Object {
            "id": 1234,
            "isCompleted": false,
            "message": "Clean the kitchen",
          },
          Object {
            "id": 1234,
            "isCompleted": false,
            "message": "Clean the kitchen",
          },
        ],
        "title": "My First Quest",
      }
    }
    key="1234"
  />
</section>
`;
