// Jest Snapshot v1, https://goo.gl/fbAQLP

exports[`Quest should match snapshot 1`] = `
<article>
  <h2>
    My First Quest
  </h2>
  <ul>
    <li
      key="1234"
    >
      Clean the kitchen
    </li>
    <li
      key="1234"
    >
      Clean the kitchen
    </li>
  </ul>
  <p
    className="showCompleted"
    onClick={[Function]}
  >
    Show 
    0
     completed challenges
  </p>
  <ul />
</article>
`;
